// Jest Snapshot v1, https://goo.gl/fbAQLP

exports[`PaymentScreen renders correctly 1`] = `
<View
  style={
    {
      "backgroundColor": "#000",
      "flex": 1,
    }
  }
/>
`;
